// Jest Snapshot v1, https://goo.gl/fbAQLP

exports[`check the whole app with 3 tabs 1`] = `
Object {
  "asFragment": [Function],
  "baseElement": <body>
    <div>
      <div
        class="app"
      >
        <nav
          class="tabs"
        >
          <div
            aria-labelledby="nav-tablist"
            role="tablist"
          >
            <button
              aria-controls="tabpanel-home"
              aria-selected="true"
              id="tab-home"
              role="tab"
              tabindex="0"
              type="button"
            >
              <span>
                Home
              </span>
            </button>
            <button
              aria-controls="tabpanel-products"
              aria-selected="false"
              id="tab-products"
              role="tab"
              tabindex="-1"
              type="button"
            >
              <span>
                Products
              </span>
            </button>
            <button
              aria-controls="tabpanel-about"
              aria-selected="false"
              id="tab-about"
              role="tab"
              tabindex="-1"
              type="button"
            >
              <span>
                About
              </span>
            </button>
          </div>
        </nav>
        <div
          aria-labelledby="tab-home"
          id="tabpanel-home"
          role="tabpanel"
          tabindex="0"
        >
          <h1>
            This is home page
          </h1>
          <p>
            Learn to use the accessibility semantics defined by the Accessible Rich Internet Application (ARIA) specification to create accessible web experiences. This guide describes how to apply accessibility semantics to common design patterns and widgets. It provides design patterns and functional examples complemented by in-depth guidance for fundamental practices.
          </p>
        </div>
      </div>
    </div>
  </body>,
  "container": <div>
    <div
      class="app"
    >
      <nav
        class="tabs"
      >
        <div
          aria-labelledby="nav-tablist"
          role="tablist"
        >
          <button
            aria-controls="tabpanel-home"
            aria-selected="true"
            id="tab-home"
            role="tab"
            tabindex="0"
            type="button"
          >
            <span>
              Home
            </span>
          </button>
          <button
            aria-controls="tabpanel-products"
            aria-selected="false"
            id="tab-products"
            role="tab"
            tabindex="-1"
            type="button"
          >
            <span>
              Products
            </span>
          </button>
          <button
            aria-controls="tabpanel-about"
            aria-selected="false"
            id="tab-about"
            role="tab"
            tabindex="-1"
            type="button"
          >
            <span>
              About
            </span>
          </button>
        </div>
      </nav>
      <div
        aria-labelledby="tab-home"
        id="tabpanel-home"
        role="tabpanel"
        tabindex="0"
      >
        <h1>
          This is home page
        </h1>
        <p>
          Learn to use the accessibility semantics defined by the Accessible Rich Internet Application (ARIA) specification to create accessible web experiences. This guide describes how to apply accessibility semantics to common design patterns and widgets. It provides design patterns and functional examples complemented by in-depth guidance for fundamental practices.
        </p>
      </div>
    </div>
  </div>,
  "debug": [Function],
  "findAllByAltText": [Function],
  "findAllByDisplayValue": [Function],
  "findAllByLabelText": [Function],
  "findAllByPlaceholderText": [Function],
  "findAllByRole": [Function],
  "findAllByTestId": [Function],
  "findAllByText": [Function],
  "findAllByTitle": [Function],
  "findByAltText": [Function],
  "findByDisplayValue": [Function],
  "findByLabelText": [Function],
  "findByPlaceholderText": [Function],
  "findByRole": [Function],
  "findByTestId": [Function],
  "findByText": [Function],
  "findByTitle": [Function],
  "getAllByAltText": [Function],
  "getAllByDisplayValue": [Function],
  "getAllByLabelText": [Function],
  "getAllByPlaceholderText": [Function],
  "getAllByRole": [Function],
  "getAllByTestId": [Function],
  "getAllByText": [Function],
  "getAllByTitle": [Function],
  "getByAltText": [Function],
  "getByDisplayValue": [Function],
  "getByLabelText": [Function],
  "getByPlaceholderText": [Function],
  "getByRole": [Function],
  "getByTestId": [Function],
  "getByText": [Function],
  "getByTitle": [Function],
  "queryAllByAltText": [Function],
  "queryAllByDisplayValue": [Function],
  "queryAllByLabelText": [Function],
  "queryAllByPlaceholderText": [Function],
  "queryAllByRole": [Function],
  "queryAllByTestId": [Function],
  "queryAllByText": [Function],
  "queryAllByTitle": [Function],
  "queryByAltText": [Function],
  "queryByDisplayValue": [Function],
  "queryByLabelText": [Function],
  "queryByPlaceholderText": [Function],
  "queryByRole": [Function],
  "queryByTestId": [Function],
  "queryByText": [Function],
  "queryByTitle": [Function],
  "rerender": [Function],
  "unmount": [Function],
}
`;
